# serializer version: 1
# name: test_sensor_states_snapshot
  dict({
    'sensor.grid_energy_exported': dict({
      'attributes': dict({
        'device_class': 'energy',
        'friendly_name': 'Grid Energy exported',
        'icon': 'mdi:transmission-tower-export',
        'state_class': <SensorStateClass.TOTAL_INCREASING: 'total_increasing'>,
        'unit_of_measurement': <UnitOfEnergy.KILO_WATT_HOUR: 'kWh'>,
      }),
      'state': 'unknown',
    }),
    'sensor.grid_energy_imported': dict({
      'attributes': dict({
        'device_class': 'energy',
        'friendly_name': 'Grid Energy imported',
        'icon': 'mdi:transmission-tower-import',
        'state_class': <SensorStateClass.TOTAL_INCREASING: 'total_increasing'>,
        'unit_of_measurement': <UnitOfEnergy.KILO_WATT_HOUR: 'kWh'>,
      }),
      'state': 'unknown',
    }),
    'sensor.grid_packet_delivery_rate': dict({
      'attributes': dict({
        'friendly_name': 'Grid Packet delivery rate',
        'icon': 'mdi:signal-variant',
        'state_class': <SensorStateClass.MEASUREMENT: 'measurement'>,
        'unit_of_measurement': '%',
      }),
      'state': 'unknown',
    }),
    'sensor.grid_power': dict({
      'attributes': dict({
        'device_class': 'power',
        'friendly_name': 'Grid Power',
        'icon': 'mdi:transmission-tower',
        'state_class': <SensorStateClass.MEASUREMENT: 'measurement'>,
        'unit_of_measurement': <UnitOfPower.WATT: 'W'>,
      }),
      'state': 'unknown',
    }),
    'sensor.grid_signal_strength': dict({
      'attributes': dict({
        'device_class': 'signal_strength',
        'friendly_name': 'Grid Signal strength',
        'state_class': <SensorStateClass.MEASUREMENT: 'measurement'>,
        'unit_of_measurement': 'dBm',
      }),
      'state': 'unknown',
    }),
    'sensor.inverter_1_battery': dict({
      'attributes': dict({
        'device_class': 'battery',
        'friendly_name': 'Inverter 1 Battery',
        'state_class': <SensorStateClass.MEASUREMENT: 'measurement'>,
        'unit_of_measurement': '%',
      }),
      'state': 'unknown',
    }),
    'sensor.inverter_1_battery_1_battery': dict({
      'attributes': dict({
        'device_class': 'battery',
        'friendly_name': 'Inverter 1 Battery 1 Battery',
        'state_class': <SensorStateClass.MEASUREMENT: 'measurement'>,
        'unit_of_measurement': '%',
      }),
      'state': 'unknown',
    }),
    'sensor.inverter_1_battery_1_maximum_temperature': dict({
      'attributes': dict({
        'device_class': 'temperature',
        'friendly_name': 'Inverter 1 Battery 1 Maximum temperature',
        'icon': 'mdi:thermometer-chevron-up',
        'state_class': <SensorStateClass.MEASUREMENT: 'measurement'>,
        'unit_of_measurement': <UnitOfTemperature.CELSIUS: '°C'>,
      }),
      'state': 'unknown',
    }),
    'sensor.inverter_1_battery_1_minimum_temperature': dict({
      'attributes': dict({
        'device_class': 'temperature',
        'friendly_name': 'Inverter 1 Battery 1 Minimum temperature',
        'icon': 'mdi:thermometer-chevron-down',
        'state_class': <SensorStateClass.MEASUREMENT: 'measurement'>,
        'unit_of_measurement': <UnitOfTemperature.CELSIUS: '°C'>,
      }),
      'state': 'unknown',
    }),
    'sensor.inverter_1_battery_1_rated_capacity': dict({
      'attributes': dict({
        'device_class': 'energy_storage',
        'friendly_name': 'Inverter 1 Battery 1 Rated capacity',
        'icon': 'mdi:battery-plus',
        'unit_of_measurement': <UnitOfEnergy.WATT_HOUR: 'Wh'>,
      }),
      'state': 'unknown',
    }),
    'sensor.inverter_1_charge_status': dict({
      'attributes': dict({
        'friendly_name': 'Inverter 1 Charge status',
        'icon': 'mdi:battery-sync',
      }),
      'state': 'unknown',
    }),
    'sensor.inverter_1_energy_charged': dict({
      'attributes': dict({
        'device_class': 'energy',
        'friendly_name': 'Inverter 1 Energy charged',
        'icon': 'mdi:battery-negative',
        'state_class': <SensorStateClass.TOTAL_INCREASING: 'total_increasing'>,
        'unit_of_measurement': <UnitOfEnergy.KILO_WATT_HOUR: 'kWh'>,
      }),
      'state': 'unknown',
    }),
    'sensor.inverter_1_energy_discharged': dict({
      'attributes': dict({
        'device_class': 'energy',
        'friendly_name': 'Inverter 1 Energy discharged',
        'icon': 'mdi:battery-positive',
        'state_class': <SensorStateClass.TOTAL_INCREASING: 'total_increasing'>,
        'unit_of_measurement': <UnitOfEnergy.KILO_WATT_HOUR: 'kWh'>,
      }),
      'state': 'unknown',
    }),
    'sensor.inverter_1_error': dict({
      'attributes': dict({
        'friendly_name': 'Inverter 1 Error',
        'icon': 'mdi:battery-unknown',
      }),
      'state': 'unknown',
    }),
    'sensor.inverter_1_power': dict({
      'attributes': dict({
        'device_class': 'power',
        'friendly_name': 'Inverter 1 Power',
        'icon': 'mdi:battery-sync-outline',
        'state_class': <SensorStateClass.MEASUREMENT: 'measurement'>,
        'unit_of_measurement': <UnitOfPower.WATT: 'W'>,
      }),
      'state': 'unknown',
    }),
    'sensor.inverter_1_rated_capacity': dict({
      'attributes': dict({
        'device_class': 'energy_storage',
        'friendly_name': 'Inverter 1 Rated capacity',
        'icon': 'mdi:battery-plus',
        'unit_of_measurement': <UnitOfEnergy.WATT_HOUR: 'Wh'>,
      }),
      'state': 'unknown',
    }),
    'sensor.inverter_1_status': dict({
      'attributes': dict({
        'friendly_name': 'Inverter 1 Status',
        'icon': 'mdi:information-outline',
      }),
      'state': 'unknown',
    }),
    'sensor.inverter_1_temperature': dict({
      'attributes': dict({
        'device_class': 'temperature',
        'friendly_name': 'Inverter 1 Temperature',
        'icon': 'mdi:thermometer',
        'state_class': <SensorStateClass.MEASUREMENT: 'measurement'>,
        'unit_of_measurement': <UnitOfTemperature.CELSIUS: '°C'>,
      }),
      'state': 'unknown',
    }),
    'sensor.system_battery': dict({
      'attributes': dict({
        'device_class': 'battery',
        'friendly_name': 'System Battery',
        'state_class': <SensorStateClass.MEASUREMENT: 'measurement'>,
        'unit_of_measurement': '%',
      }),
      'state': 'unknown',
    }),
    'sensor.system_charge_status': dict({
      'attributes': dict({
        'friendly_name': 'System Charge status',
        'icon': 'mdi:battery-sync',
      }),
      'state': 'unknown',
    }),
    'sensor.system_current_schedule': dict({
      'attributes': dict({
        'friendly_name': 'System Current schedule',
        'icon': 'mdi:calendar-clock',
      }),
      'state': 'unknown',
    }),
    'sensor.system_energy_consumed': dict({
      'attributes': dict({
        'device_class': 'energy',
        'friendly_name': 'System Energy consumed',
        'icon': 'mdi:battery-arrow-down',
        'state_class': <SensorStateClass.TOTAL_INCREASING: 'total_increasing'>,
        'unit_of_measurement': <UnitOfEnergy.WATT_HOUR: 'Wh'>,
      }),
      'state': 'unknown',
    }),
    'sensor.system_energy_exported': dict({
      'attributes': dict({
        'device_class': 'energy',
        'friendly_name': 'System Energy exported',
        'icon': 'mdi:home-export-outline',
        'state_class': <SensorStateClass.TOTAL_INCREASING: 'total_increasing'>,
        'unit_of_measurement': <UnitOfEnergy.KILO_WATT_HOUR: 'kWh'>,
      }),
      'state': 'unknown',
    }),
    'sensor.system_energy_imported': dict({
      'attributes': dict({
        'device_class': 'energy',
        'friendly_name': 'System Energy imported',
        'icon': 'mdi:home-import-outline',
        'state_class': <SensorStateClass.TOTAL_INCREASING: 'total_increasing'>,
        'unit_of_measurement': <UnitOfEnergy.KILO_WATT_HOUR: 'kWh'>,
      }),
      'state': 'unknown',
    }),
    'sensor.system_energy_produced': dict({
      'attributes': dict({
        'device_class': 'energy',
        'friendly_name': 'System Energy produced',
        'icon': 'mdi:battery-arrow-up',
        'state_class': <SensorStateClass.TOTAL_INCREASING: 'total_increasing'>,
        'unit_of_measurement': <UnitOfEnergy.WATT_HOUR: 'Wh'>,
      }),
      'state': 'unknown',
    }),
    'sensor.system_error': dict({
      'attributes': dict({
        'friendly_name': 'System Error',
        'icon': 'mdi:battery-unknown',
      }),
      'state': 'unknown',
    }),
    'sensor.system_power': dict({
      'attributes': dict({
        'device_class': 'power',
        'friendly_name': 'System Power',
        'icon': 'mdi:battery-sync-outline',
        'state_class': <SensorStateClass.MEASUREMENT: 'measurement'>,
        'unit_of_measurement': <UnitOfPower.WATT: 'W'>,
      }),
      'state': 'unknown',
    }),
    'sensor.system_rated_capacity': dict({
      'attributes': dict({
        'device_class': 'energy_storage',
        'friendly_name': 'System Rated capacity',
        'icon': 'mdi:battery-plus',
        'unit_of_measurement': <UnitOfEnergy.WATT_HOUR: 'Wh'>,
      }),
      'state': 'unknown',
    }),
    'sensor.system_status': dict({
      'attributes': dict({
        'friendly_name': 'System Status',
        'icon': 'mdi:state-machine',
      }),
      'state': 'unknown',
    }),
  })
# ---
